// Jest Snapshot v1, https://goo.gl/fbAQLP

exports[`Navbar render navbar correctly 1`] = `
Object {
  "asFragment": [Function],
  "baseElement": <body>
    <div>
      <nav
        class="navBar"
      >
        <div
          class="brandNameBox"
        >
          <img
            alt="logo space"
            class="navLogo"
            src="planet.png"
          />
          <h1
            class="navTitle"
          >
            Space Travelers Hub
          </h1>
        </div>
        <ul
          class="links"
        >
          <a
            aria-current="page"
            class="link active"
            href="/"
          >
            Rockets
          </a>
          <a
            class="link"
            href="/missions"
          >
            Missions
          </a>
          <div
            class="navVertLine"
          />
          <a
            class="link"
            href="/my-profile"
          >
            My Profile
          </a>
        </ul>
      </nav>
    </div>
  </body>,
  "container": <div>
    <nav
      class="navBar"
    >
      <div
        class="brandNameBox"
      >
        <img
          alt="logo space"
          class="navLogo"
          src="planet.png"
        />
        <h1
          class="navTitle"
        >
          Space Travelers Hub
        </h1>
      </div>
      <ul
        class="links"
      >
        <a
          aria-current="page"
          class="link active"
          href="/"
        >
          Rockets
        </a>
        <a
          class="link"
          href="/missions"
        >
          Missions
        </a>
        <div
          class="navVertLine"
        />
        <a
          class="link"
          href="/my-profile"
        >
          My Profile
        </a>
      </ul>
    </nav>
  </div>,
  "debug": [Function],
  "findAllByAltText": [Function],
  "findAllByDisplayValue": [Function],
  "findAllByLabelText": [Function],
  "findAllByPlaceholderText": [Function],
  "findAllByRole": [Function],
  "findAllByTestId": [Function],
  "findAllByText": [Function],
  "findAllByTitle": [Function],
  "findByAltText": [Function],
  "findByDisplayValue": [Function],
  "findByLabelText": [Function],
  "findByPlaceholderText": [Function],
  "findByRole": [Function],
  "findByTestId": [Function],
  "findByText": [Function],
  "findByTitle": [Function],
  "getAllByAltText": [Function],
  "getAllByDisplayValue": [Function],
  "getAllByLabelText": [Function],
  "getAllByPlaceholderText": [Function],
  "getAllByRole": [Function],
  "getAllByTestId": [Function],
  "getAllByText": [Function],
  "getAllByTitle": [Function],
  "getByAltText": [Function],
  "getByDisplayValue": [Function],
  "getByLabelText": [Function],
  "getByPlaceholderText": [Function],
  "getByRole": [Function],
  "getByTestId": [Function],
  "getByText": [Function],
  "getByTitle": [Function],
  "queryAllByAltText": [Function],
  "queryAllByDisplayValue": [Function],
  "queryAllByLabelText": [Function],
  "queryAllByPlaceholderText": [Function],
  "queryAllByRole": [Function],
  "queryAllByTestId": [Function],
  "queryAllByText": [Function],
  "queryAllByTitle": [Function],
  "queryByAltText": [Function],
  "queryByDisplayValue": [Function],
  "queryByLabelText": [Function],
  "queryByPlaceholderText": [Function],
  "queryByRole": [Function],
  "queryByTestId": [Function],
  "queryByText": [Function],
  "queryByTitle": [Function],
  "rerender": [Function],
  "unmount": [Function],
}
`;
